Feature: Cukes

  Scenario Outline: cooking                     # cucumber/runtime/outline.feature:3
    Given the <container> contains <ingredient>
    When I add <liquid>
    And serve it to my guests
    Then they'll be eating "<dish>"

    Examples: 
      | container | ingredient | liquid    | dish         |
      | bowl      | oats       | milk      | oatmeal      |
      | bowl      | oats       | milk      | oatmeal      |
      | bowl      | oats       | milk      | oatmeal      |
      | bowl      | oats       | milk      | oatmeal      |
      | bowl      | oats       | milk      | oatmeal      |
      | bowl      | oats       | milk      | oatmeal      |
      | bowl      | oats       | milk      | oatmeal      |
      | bowl      | oats       | milk      | oatmeal      |
      | glass     | guinness   | champagne | black velvet |
      | glass     | guinness   | champagne | black velvet |
      | glass     | guinness   | champagne | black velvet |
      | glass     | guinness   | champagne | black velvet |
      | glass     | guinness   | champagne | black velvet |
      | glass     | guinness   | champagne | black velvet |
      | glass     | guinness   | champagne | black velvet |
      | glass     | guinness   | champagne | black velvet |

You can implement step definitions for undefined steps with these snippets:

[Snippets not implemented for Clojure]
