Feature: Cukes

  Scenario: 1 cuke                     # cucumber/runtime/simple.feature:2
    Given I have 5 cukes in my belly   # cucumber/runtime/rhino/stepdefs.js:11
    Then there are 4 cukes in my belly # cucumber/runtime/rhino/stepdefs.js:15
      org.mozilla.javascript.JavaScriptException: Expected 4, but got 5 (cucumber/runtime/rhino/stepdefs.js#3)
      	at org.mozilla.javascript.gen.c2._c1(cucumber/runtime/rhino/stepdefs.js:3)
      	at Cukes.1 cuke.Then there are 4 cukes in my belly(cucumber/runtime/simple.feature:4)

